[   0.000000] Initiling cgroup subsys cpuset
[    0.000000] Initializing cgroup subsys cpu
[  0.00000] Initializing grup subsys cpuacct
[   .0000] Linux version 4.4.0-203-generic (buildd@lcy0-amd64-027) (gcc vrson 5.4 2160609 (Ubuntu 5.4.0-6ubuntu1~16.04.12) ) #235-Ubuntu SMP Tue Feb 2 02:49:08 UTC 2021 (Ubuntu 4.4.0-203.235-generic 4.4.249)
[  0000000]Command line: BOOT_IMAGE=/boot/vmlinuz-4.4.0-203-generic root=LABEL=cloudimg-rootfs ro console=tty1 console=ttyS0
[   0.0000]KERNL supported cpus:
[    0.000000]   Intel GenuineIntel
[    0.000000]   AMD AuthenticAMD
[    0.000000]   Centaur CentaurHauls
[    0.000000] x86/fpu: xstate_offset[2]:  576, xstate_sizes[2]:  256
[    0.000000] x86/fpu: Supporting XSAVE feature 0x01: 'x87 floating point registers'
[    0.000000] x86/fpu: Supportin XSAVE feate 0x2: 'SSE egstrs'
[    0.000000] x86/fpu: Supporting XSA fature 0x04: 'AVXreisters'
[   0.000000] x86/fpu: Enabled xstate features 0x7, context size is 832 bytes, using 'standard' format.
[   .00000] e820: BIOS-provided physical RAM map:
[   0.0000] BIOS-e820: [mem 0x0000000000000000-0x000000000009fbff] usable
[   .00000] IO-e20: [m 00000000009fc00-0x000000000009ffff] resrved
[   0.00000] BIOS-e820: [mem 0x00000000000f0000-0x00000000000fffff] reserved
[    0.000000] BIOS-e820: [mem 0x0000000000100000-0x000000003ffeffff] abe
[  0.000000] BIOS-e820 [mem 0x000000003fff0000-0x000000003fffffff] ACPI data
[    0.00000] IO-e820: [me0x000000ec0000-0x00000000fec00fff] reserved
[    0.000000] BIOS-e820: [mem 0x00000000fee00000-0x00000000fee00fff] reserved
[    0.000000] BIOS-e820: [mem 0x00000000fffc0000-0x00000000ffffffff] reserved
[    0.000000] NX (Execute Disable) protection: active
[    0.000000] SMBIOS 2.5 present.
[    0.000000] Hypervisor detected: KVM
[    0.000000] e820: last_pfn = 0x3fff0 max_arch_pfn = 0x400000000
[    0.000000] MTRR: Disabled
[    0.000000] x86/PAT: MTRRs disabled, skipping PAT initialization too.
[    0.000000] CPU MTRRs all blank - virtualized system.
[    0.000000] x86/PAT: Configuration [0-7]: WB  WT  UC- UC  WB  WT  UC- UC  
[    0.000000] found SMP MP-table at [mem 0x0009fff0-0x0009ffff] mapped at [ffff88000009fff0]
[    0.000000] Scanning 1 areas for low memory corruption
[    0.000000] RAMDISK: [mem 0x362dc000-0x37165fff]
[  0.00000ACPIEarly table checksumverification disabled
[    0.000000] ACPI: RSDP 0x00000000000E0000 000024  (v02 VBOX  )
[    0.000000] ACPI: XSDT 0x000000003FFF0030 00003C (v01 VBOX   VBOXXSDT 00000001 ASL  00000061)
[    0.000000] ACPI: FACP 0x000000003FFF00F0 0000F4 (v04 VBOX   VBOXFACP 00000001 ASL  00000061)
[    0.000000] ACPI: DSDT 0x000000003FFF0470 0021FF (v02 VBOX   VBOXBIOS 00000002 INTL 201008)
[   0.000000] ACPI: FACS 0x00000000FF020 0040
[    0.000000] ACPI: FACS 0x000000003FFF0200 000040
[   .00000] ACPI: APIC 0x000000003FFF0240 0000C (v02 VBOX   VBOXAPIC 00000001 ASL  00000061)
[    0.000000] ACPI: SSDT 0x000000003FFF02A0 0001CC (v01 VBOX   VBOXCPUT 00000002 INTL 20100528)
[    0.000000] No NUMA configuration foud
[  000000 Fking a node at [mem 0x0000000000000000-0x000000003ffeffff]
[  0000000] NODE_DATA(0) allocated [mem 0x3ffeb000-0x3ffeffff]
[  0000000 km-lock: Using msrs 4b564d01 and 4b564d00
[    0.000000] kvm-clock: cpu 0, msr 0:3ffe3001, primary cpu clock
[   0.000000] kvm-clock: using sched offset of 3684486006 cycles
[    0.000000] clocksource: kvm-cloc: mask: 0xffffffffffffffff max_cycles: 0x1cd42e4dffb, max_idle_ns: 881590591483 ns
[    0.000000] Zone ranges:
[    0.000000]   DMA      [mem 0x0000000000001000-0x0000000000ffffff]
[    0.000000]   DMA32    [mem 0x0000000001000000-0x000000003ffeffff]
[    0.000000]   Normal   empty
[    0.000000]   Device   empty
[    0.000000] Movable zone start for each node
[    0.000000] Early memory node ranges
[    0.000000]   node   0: [mem 0x0000000000001000-0x000000000009efff]
[    0.000000]   node   0: [mem 0x0000000000100000-0x000000003ffeffff]
[    0.000000] Initmem setup node 0 [mem 0x0000000000001000-0x000000003ffeffff]
[    0.000000] ACPI: PM-Timer IO Port: 0x4008
[   .000000] IOAPIC[0]: apic_id 2, version 32, address 0xfec00000, GSI 0-23
[   0.000000] ACPI: INT_SRC_OVR (bus 0 bus_rq0 global_iq  dfl dfl)
[   0.0000] CPI:NTSRC_OVR (bus 0 bus_irq gobal_irq 9 low level)
[   000000] sig CPI (MDT) or SMP configuration information
[    0.000000] smpboot: Allowing 2 CPUs, 0 hotplug CPUs
[    0.000000] PM: Registered nosave memory: [mem 0x00000000-0x00000ff
[   .0000] PM: Registered nosave memory: [mem 0x0009f000-0x0009ffff]
[   .00000] M:Reisteednoave memory: [mem 0x00a00-0x00eff]
[   .00000] PM: gistered nosave memory: [mem 0x000f0000-0x000fffff]
[   .00000] 82: mem 0x000000-0xfebfffff] available for PCI devices
[   0.000000]ootingparvitulized erelon KVM
[   .00000 cocksouce rfined-jiffies: mask: 0xffffffff max_cycles: 0xffffffff, max_idle_ns: 7645519600211568 ns
[   .00000] setup_percpu: NR_CPUS:512 nr_cpumask_bits:512 nr_cp_ids:2 nr_node_ids:1
[    0.000000] PERCPU: Embedded 33 pages/cpu @ffff88003fc00000 s95640 r8192 d31336 u1048576
[   0000000] Built 1 zonelists in Node order, mobility grouping on.  Total pages: 257912
[   000000] Polcyzoe: DMA32
[    0.000000] Kernel command line: BOOT_IMAGE=/boot/vmlinuz-4.4.0-203-generic root=LABEL=cloudimg-rtfs ro console=tty1 console=ttyS0
[   .000000] PID hash table entries: 4096 (order: 3, 32768 bytes)
[   0.000000]emory: 997652K/1048120K availle(8641K kernel cod, 137K rwdata, 4044K rodata, 1496K init, 1296K bss, 50468K reserved, 0K cma-reserved)
[   .00000]SL: HWalign=64, Order=0-3, MinOects=0, CPUs=2, Nodes=1
[    0.000000] Kernel/User page tables isolation: enabled
[    0.000000] Hierarchical RCU implementation.
[    0.000000] 	Build-time adjustment of leaf fanout to 64.
[    0.000000] 	RCU restricting CPUs from NR_CPUS=512 to nr_cpu_ids=2.
[    0.000000] RCU: Adjusting geometry for rcu_fanout_leaf=64, nr_cpu_ids=2
[    0.000000] NR_IRQS:33024 nr_irqs:440 16
[    0.000000] Console: colour VGA+ 80x25
[    0.000000] console [tty1] enabled
[    0.000000] console [ttyS0] enabled
[    0.000000] tsc: Detected 2495.996 MHz processor
[    4.495816] Calibrating delay loop (skipped) preset value.. 4991.99 BogoMIPS (lpj=9983984)
[    4.498000] pid_max: default: 32768 minimum: 301
[    4.499176] ACPI: Core revision 20150930

[    4.502335] ACPI: 2 ACPI AML tables successfully acquired and loaded
[    4.504061] Security Framework initialized
[    4.505189] Yama: becoming mindful.
[    4.506148] AppArmor: AppArmor initialized
[    4.507397] Dentry cache hash table entries: 131072 (order: 8, 1048576 bytes)
[    4.523874] Inode-cache hash table entries: 65536 (order: 7, 524288 bytes)
[    4.548028] Mount-cache hash table entries: 2048 (order: 2, 16384 bytes)
[    4.566552] Mountpoint-cache hash table entries: 2048 (order: 2, 16384 bytes)
[    4.632337] Initializing cgroup subsys io
[    4.654951] Initializing cgroup subsys memory
[    4.664820] Initializing cgroup subsys devices
[    4.707711] Initializing cgroup subsys freezer
[    4.724380] Initializing cgroup subsys net_cls
[    4.732320] Initializing cgroup subsys perf_event
[    4.742092] Initializing cgroup subsys net_prio
[    4.749749] Initializing cgroup subsys hugetlb
[    4.756749] Initializing cgroup subsys pids
[    4.781535] mce: CPU supports 0 MCE banks
[    4.795093] Last level iTLB entries: 4KB 128, 2MB 8, 4MB 8
[    4.855700] Last level dTLB entries: 4KB 64, 2MB 0, 4MB 0, 1GB 4
[    4.866961] Spectre V1 : Mitigation: usercopy/swapgs barriers and __user pointer sanitization
[    4.959174] Spectre V2 : Mitigation: Full generic retpoline
[    4.970802] Spectre V2 : Spectre v2 / SpectreRSB mitigation: Filling RSB on context switch
[    4.972987] Speculative Store Bypass: Vulnerable
[    4.974185] SRBDS: Unknown: Dependent on hypervisor status
[    4.975735] MDS: Vulnerable: Clear CPU buffers attempted, no microcode
[    4.986823] Freeing SMP alternatives memory: 36K
[    5.011656] ftrace: allocating 32366 entries in 127 pages
[    5.127702] smpboot: APIC(0) Converting physical 0 to logical package 0
[    5.200248] smpboot: Max logical packages: 1
[    5.220047] x2apic enabled
[    5.221265] Switched APIC routing to physical x2apic.
[    5.229413] ..TIMER: vector=0x30 apic1=0 pin1=2 apic2=-1 pin2=-1
[    5.352195] smpboot: CPU0: Intel(R) Core(TM) i5-7300HQ CPU @ 2.50GHz (family: 0x6, model: 0x9e, stepping: 0x9)
[    5.396538] Performance Events: unsupported p6 CPU model 158 no PMU driver, software events only.
[    5.570528] KVM setup paravirtual spinlock
[    5.643091] x86: Booting SMP configuration:
[    5.664696] .... node  #0, CPUs:      #1
[    5.702843] kvm-clock: cpu 1, msr 0:3ffe3041, secondary cpu clock
[    5.720581] mce: CPU supports 0 MCE banks
[    5.726434] x86: Booted up 1 node, 2 CPUs
[    5.730310] smpboot: Total of 2 processors activated (9983.98 BogoMIPS)
[    5.757884] devtmpfs: initialized
[    5.800665] evm: security.selinux
[    5.824314] evm: security.SMACK64
[    5.849781] evm: security.SMACK64EXEC
[    5.874144] evm: security.SMACK64TRANSMUTE
[    5.938273] evm: security.SMACK64MMAP
[    5.951626] evm: security.ima
[    5.956993] evm: security.capability
[    5.958288] clocksource: jiffies: mask: 0xffffffff max_cycles: 0xffffffff, max_idle_ns: 7645041785100000 ns
[    5.960670] futex hash table entries: 512 (order: 3, 32768 bytes)
[    5.962316] pinctrl core: initialized pinctrl subsystem
[    5.963688] RTC time: 14:46:14, date: 03/04/21
[    5.965026] NET: Registered protocol family 16
[    5.976564] cpuidle: using governor ladder
[    6.008401] cpuidle: using governor menu
[    6.035677] PCCT header not found.
[    6.036725] ACPI: bus type PCI registered
[    6.037816] acpiphp: ACPI Hot Plug PCI Controller Driver version: 0.5
[    6.039476] PCI: Using configuration type 1 for base access
[    6.052835] ACPI: Added _OSI(Module Device)
[    6.053983] ACPI: Added _OSI(Processor Device)
[    6.055211] ACPI: Added _OSI(3.0 _SCP Extensions)
[    6.056552] ACPI: Added _OSI(Processor Aggregator Device)
[    6.061888] ACPI: Executed 1 blocks of module-level executable AML code
[    6.085183] ACPI: Interpreter enabled
[    6.095903] ACPI: (supports S0 S5)
[    6.132878] ACPI: Using IOAPIC for interrupt routing
[    6.190219] PCI: Using host bridge windows from ACPI; if necessary, use "pci=nocrs" and report a bug
[    6.322086] ACPI: PCI Root Bridge [PCI0] (domain 0000 [bus 00-ff])
[    6.359676] acpi PNP0A03:00: _OSC: OS supports [ASPM ClockPM Segments MSI]
[    6.361366] acpi PNP0A03:00: _OSC: not requesting OS control; OS requires [ExtendedConfig ASPM ClockPM MSI]
[    6.363752] acpi PNP0A03:00: fail to add MMCONFIG information, can't access extended PCI configuration space under this bridge.
[    6.393500] PCI host bridge to bus 0000:00
[    6.394556] pci_bus 0000:00: root bus resource [io  0x0000-0x0cf7 window]
[    6.396107] pci_bus 0000:00: root bus resource [io  0x0d00-0xffff window]
[    6.397642] pci_bus 0000:00: root bus resource [mem 0x000a0000-0x000bffff window]
[    6.399648] pci_bus 0000:00: root bus resource [mem 0x40000000-0xfdffffff window]
[    6.429388] pci_bus 0000:00: root bus resource [bus 00-ff]
[    6.439567] pci 0000:00:01.1: legacy IDE quirk: reg 0x10: [io  0x01f0-0x01f7]
[    6.488644] pci 0000:00:01.1: legacy IDE quirk: reg 0x14: [io  0x03f6]
[    6.562777] pci 0000:00:01.1: legacy IDE quirk: reg 0x18: [io  0x0170-0x0177]
[    6.579005] pci 0000:00:01.1: legacy IDE quirk: reg 0x1c: [io  0x0376]
[    6.662628] pci 0000:00:07.0: quirk: [io  0x4000-0x403f] claimed by PIIX4 ACPI
[    6.706275] pci 0000:00:07.0: quirk: [io  0x4100-0x410f] claimed by PIIX4 SMB
[    6.733157] ACPI: PCI Interrupt Link [LNKA] (IRQs 5 9 10 *11)
[    6.753078] ACPI: PCI Interrupt Link [LNKB] (IRQs 5 9 *10 11)
[    6.758898] ACPI: PCI Interrupt Link [LNKC] (IRQs 5 *9 10 11)
[    6.760742] ACPI: PCI Interrupt Link [LNKD] (IRQs 5 9 10 *11)
[    6.762668] ACPI: Enabled 2 GPEs in block 00 to 07
[    6.764300] vgaarb: setting as boot device: PCI:0000:00:02.0
[    6.809277] vgaarb: device added: PCI:0000:00:02.0,decodes=io+mem,owns=io+mem,locks=none
[    6.835426] vgaarb: loaded
[    6.859360] vgaarb: bridge control possible 0000:00:02.0
[    6.860949] SCSI subsystem initialized
[    6.862079] ACPI: bus type USB registered
[    6.863182] usbcore: registered new interface driver usbfs
[    6.864575] usbcore: registered new interface driver hub
[    6.865846] usbcore: registered new device driver usb
[    6.867730] PCI: Using ACPI for IRQ routing
[    6.869200] NetLabel: Initializing
[    6.870104] NetLabel:  domain hash size = 128
[    6.871294] NetLabel:  protocols = UNLABELED CIPSOv4
[    6.888021] NetLabel:  unlabeled traffic allowed by default
[    6.931848] amd_nb: Cannot enumerate AMD northbridges
[    6.946044] clocksource: Switched to clocksource kvm-clock
[   .0131] AppArmor: AppArmor Filesyst Enabled
[  71717] pnp: PnP ACPI init
[    7.303427] pnp: PnP ACPI: found 3 devices
[   7.419]clckouce acppm msk 0xffffff m_ccls: 0xffffff, max_idl_n: 080124 ns
[   .940035] NET: Registered protocol family 2

[    7.991999] TCP established hash table entries: 8192 (order: 4,6536byes
[   8.153963] TCP bind hash taleentries: 8192 (order: 5, 131072 bytes)
[   .238475 TCP: Hash tables configured (established 8192 bind 8192)
[   .37961] UDP hash table entries: 512 (order: 2, 16384 bytes)
[   .416643] UDP-Lite hash table entries: 512 (order: 2, 16384 bytes)
[   8.960]NET: Registered protocol family 1
[   8.855]pc 0000:00:00.0: Limiting direct PCI/PCI transfers
[  87519] i 00:0:1.: ctvain IA DMA hang rkrounds
[    9.3075 Upacki iitmf...

[   10.160466] Freeing initrd memory: 14888K
[   10.167823] clocksource: tsc: mask: 0xffffffffffffffff max_cycles: 0x23fa73621d8, max_idle_ns: 440795297715 ns
[   10.170252] platform rtc_cmos: registered platform RTC device (no PNP device found)
[   10.172324] Scanning for low memory corruption every 60 seconds
[   10.174414] audit: initializing netlink subsys (disabled)
[   10.175702] audit: type=2000 audit(1614869178.045:1): initialized
[   10.177536] Initialise system trusted keyring
[   10.179017] HugeTLB registered 2 MB page size, pre-allocated 0 pages
[   10.191550] zbud: loaded
[   10.192820] VFS: Disk quotas dquot_6.6.0
[   10.193901] VFS: Dquot-cache hash table entries: 512 (order 0, 4096 bytes)
[   10.195734] squashfs: version 4.0 (2009/01/31) Phillip Lougher
[   10.197513] fuse init (API version 7.23)
[   10.198930] Key type big_key registered
[   10.212041] Allocating IMA MOK and blacklist keyrings.
[   10.220183] Key type asymmetric registered
[   10.223018] Asymmetric key parser 'x509' registered
[   10.224296] Block layer SCSI generic (bsg) driver version 0.4 loaded (major 249)
[   10.226351] io scheduler noop registered
[   10.227500] io scheduler deadline registered (default)
[   10.228795] io scheduler cfq registered
[   10.229888] pci_hotplug: PCI Hot Plug PCI Core version: 0.5
[   10.231300] pciehp: PCI Express Hot Plug Controller Driver version: 0.4
[   10.239479] ACPI: AC Adapter [AC] (on-line)
[   10.240602] input: Power Button as /devices/LNXSYSTM:00/LNXPWRBN:00/input/input0
[   10.242588] ACPI: Power Button [PWRF]
[   10.243675] input: Sleep Button as /devices/LNXSYSTM:00/LNXSLPBN:00/input/input1
[   10.245591] ACPI: Sleep Button [SLPF]
[   10.246912] GHES: HEST is not enabled!
[   10.248130] Serial: 8250/16550 driver, 32 ports, IRQ sharing enabled
[   10.272645] 00:02: ttyS0 at I/O 0x3f8 (irq = 4, base_baud = 115200) is a 16550A
[   10.279822]Linux agpgart interface v0.103
[   10.310188] loop: module loaded
[   10.318128] scsi host0: ata_piix
[   10.341254] scsi host1: ata_piix
[  10.344058] ata1: PATA max UMA3 md0xf0ct 03f bmdma 0xd000 irq 14
[  10.6202] ata2: PATA max UDMA/33 cmd 0x170 ctl 0x376 bmdma 0xd008 irq 15

[   10.721510] libphy: Fixed MIOBu: obed
   .8520]tu: Universal TUN/TAP device driver, 1.6
[  1.0365] tun: (C) 1999-2004 Max Krasnyansky <maxk@qualcomm.com>
[   11.197374] PPP generic driver version 2.4.2
[   11.274084] ehci_hcd: USB 2.0 'Enhanced' Host Controller (EHCI) Driver
[   11.292632] ehci-pci: EHCI PCI platform driver
[   11.303946] ehci-platform: EHCI generic platform driver
[   11.315613] ohci_hcd: USB 1.1 'Open' Host Controller (OHCI) Driver
[   11.318698] ohci-pci: OHCI PCI platform driver
[   11.319789] ohci-platform: OHCI generic platform driver
[   11.321008] uhci_hcd: USB Universal Host Controller Interface driver
[   11.366242] i8042: PNP: PS/2 Controller [PNP0303:PS2K,PNP0f03:PS2M] at 0x60,0x64 irq 1,12
[   11.388443] serio: i8042 KBD port at 0x60,0x64 irq 1
[   11.405825] serio: i8042 AUX port at 0x60,0x64 irq 12
[   11.407377] mousedev: PS/2 mouse device common for all mice
[   11.409205] input: AT Translated Set 2 keyboard as /devices/platform/i8042/serio0/input/input2
[   11.411779] rtc_cmos rtc_cmos: rtc core: registered rtc_cmos as rtc0
[   11.413493] rtc_cmos rtc_cmos: alarms up to one day, 114 bytes nvram
[   11.434398] i2c /dev entries driver
[   11.435468] device-mapper: uevent: version 1.0.3
[  1.4635]evceapper:ocl:4..0-ioct(20-10-28) initialised: dm-devel@redhat.com

[   11.960214] ledtrig-cpu: registered to indicate activity on CPUs
[   11.965057] NET: Registered protocol family 10
[   11.966810] NET: Registered protocol family 17
[   11.972235] Key type dns_resolver registered
[   11.973682] registered taskstats version 1
[   11.974955] Loading compiled-in X.509 certificates
[   11.979631] Loaded X.509 cert 'Build time autogenerated kernel key: c0f1dd89d7e09a1955be4fde7c6f946674683c10'
[   12.009077] zswap: loaded using pool lzo/zbud
[   12.056834] Key type trusted registered
[   12.119284] Key type encrypted registered
[   12.173194] AppArmor: AppArmor sha1 policy hashing enabled
[   12.174665] ima: No TPM chip found, activating TPM-bypass!
[   12.175970] ima: Allocated hash algorithm: sha1
[   12.177102] evm: HMAC attrs: 0x1
[   12.178469]   Magic number: 13:2:788
[   12.196472] rtc_cmos rtc_cmos: setting system clock to 2021-03-04 14:46:20 UTC (1614869180)
[   12.206675] BIOS EDD facility v0.16 2004-Jun-25, 0 devices found
[   12.221341] EDD information not available.
[   12.267067] Freeing unused kernel memory: 1496K
[   12.299575] Write protecting the kernel read-only data: 14336k
[   12.382836] Freeing unused kernel memory: 1588K
[   12.388184] Freeing unused kernel memory: 52K
Loading, please wait...
[   13.135091] random: systemd-udevd: uninitialized urandom read (16 bytes read, 7 bits of entropy available)
starting version[   13.135753] random: udevadm: uninitialized urandom read (16 bytes read, 7 bits of entropy available)
 229
[   13.135770] random: udevadm: uninitialized urandom read (16 bytes read, 7 bits of entropy available)
[   13.144832] random: udevadm: uninitialized urandom read (16 bytes read, 7 bits of entropy available)
[   13.144877] random: udevadm: uninitialized urandom read (16 bytes read, 7 bits of entropy available)
[   13.145019] random: udevadm: uninitialized urandom read (16 bytes read, 7 bits of entropy available)
[   13.145071] random: udevadm: uninitialized urandom read (16 bytes read, 7 bits of entropy available)
[   13.145121] random: udevadm: uninitialized urandom read (16 bytes read, 7 bits of entropy available)
[   13.145172] random: udevadm: uninitialized urandom read (16 bytes read, 7 bits of entropy available)
[   13.145224] random: udevadm: uninitialized urandom read (16 bytes read, 7 bits of entropy available)
[   13.328594] e1000: Intel(R) PRO/1000 Network Driver - version 7.3.21-k8-NAPI
[   13.345441] e1000: Copyright (c) 1999-2006 Intel Corporation.
[   13.403820] Fusion MPT base driver 3.04.20
[   13.417869] Copyright (c) 1999-2008 LSI Corporation
[   13.427042] Fusion MPT SPI Host driver 3.04.20
[   13.482712] AVX2 version of gcm_enc/dec engaged.
[   13.483994] AES CTR mode by8 optimization enabled
[   13.623740] input: ImExPS/2 Generic Explorer Mouse as /devices/platform/i8042/serio1/input/input4
[   13.828226] e1000 0000:00:03.0 eth0: (PCI:33MHz:32-bit) 02:49:cb:75:7f:af
[   13.879169] e1000 0000:00:03.0 eth0: Intel(R) PRO/1000 Network Connection
[   13.936631] mptbase: ioc0: Initiating bringup
[   13.937426] e1000 0000:00:03.0 enp0s3: renamed from eth0
[   14.037698] ioc0: LSI53C1030 A0: Capabilities={Initiator}
[   15.217322] scsi host2: ioc0: LSI53C1030 A0, FwRev=00000000h, Ports=1, MaxQ=256, IRQ=20
[   17.123333] scsi 2:0:0:0: Direct-Access     VBOX     HARDDISK         1.0  PQ: 0 ANSI: 5
[   17.181039] scsi target2:0:0: Beginning Domain Validation
[   17.250086] scsi target2:0:0: Domain Validation skipping write tests
[   17.251568] scsi target2:0:0: Ending Domain Validation
[   17.252927] scsi target2:0:0: asynchronous
[   17.254929] scsi 2:0:1:0: Direct-Access     VBOX     HARDDISK         1.0  PQ: 0 ANSI: 5
[   17.256979] scsi target2:0:1: Beginning Domain Validation
[   17.260355] scsi target2:0:1: Domain Validation skipping write tests
[   17.261847] scsi target2:0:1: Ending Domain Validation
[   17.263246] scsi target2:0:1: asynchronous
[   17.297746] sd 2:0:0:0: [sda] 83886080 512-byte logical blocks: (42.9 GB/40.0 GiB)
[   17.319230] sd 2:0:0:0: Attached scsi generic sg0 type 0
[   17.333989] sd 2:0:1:0: Attached scsi generic sg1 type 0
[   17.334184] sd 2:0:1:0: [sdb] 20480 512-byte logical blocks: (10.5 MB/10.0 MiB)
[   17.334196] sd 2:0:0:0: [sda] Write Protect is off
[   17.334409] sd 2:0:0:0: [sda] Incomplete mode parameter data
[   17.334411] sd 2:0:0:0: [sda] Assuming drive cache: write through
[   17.334556] sd 2:0:1:0: [sdb] Write Protect is off
[   17.334798] sd 2:0:1:0: [sdb] Incomplete mode parameter data
[   17.334799] sd 2:0:1:0: [sdb] Assuming drive cache: write through
[   17.336888]  sda: sda1
[   17.337799] sd 2:0:0:0: [sda] Attached SCSI disk
[   17.338443] sd 2:0:1:0: [sdb] Attached SCSI disk
Begin: Loading essential drivers[   18.821813] md: linear personality registered for level -1
 ... [   18.920892] md: multipath personality registered for level -4
[   18.937760] md: raid0 personality registered for level 0
[   18.942936] md: raid1 personality registered for level 1
[   19.014300] raid6: sse2x1   gen()  9794 MB/s
[   19.098328] raid6: sse2x1   xor()  8463 MB/s
[   19.222278] raid6: sse2x2   gen() 13567 MB/s
[   19.306249] raid6: sse2x2   xor()  9501 MB/s
[   19.374543] raid6: sse2x4   gen() 15771 MB/s
[   19.458498] raid6: sse2x4   xor() 10456 MB/s
[   19.558096] raid6: avx2x1   gen() 20440 MB/s
[   19.626439] raid6: avx2x2   gen() 25820 MB/s
[   19.758278] raid6: avx2x4   gen() 27996 MB/s
[   19.761069] raid6: using algorithm avx2x4 gen() 27996 MB/s
[   19.811315] raid6: using avx2x2 recovery algorithm
[   19.858728] xor: automatically using best checksumming function:
[   19.906114]    avx       : 27755.000 MB/sec
[   19.975278] async_tx: api initialized (async)
[   20.013586] md: raid6 personality registered for level 6
[   20.023404] md: raid5 personality registered for level 5
[   20.024838] md: raid4 personality registered for level 4
[   20.034758] md: raid10 personality registered for level 10
done.
Begin: Running /scripts/init-premount ... done.
Begin: Mounting root file system ... Begin: Run[   20.069208] Btrfs loaded
ning /scripts/local-top ... done.
Begin: Running /scripts/local-premount ... Scanning for Btrfs filesystems
done.
Warning: fsck not present, so sk[   20.161065] EXT4-fs (sda1): mounted filesystem with ordered data mode. Opts: (null)
ipping root file system
done.
Begin: Running /scripts/local-bottom ... done.
Begin: Running /scripts/init-bottom ... done.
[   20.290642] systemd[1]: systemd 229 running in system mode. (+PAM +AUDIT +SELINUX +IMA +APPARMOR +SMACK +SYSVINIT +UTMP +LIBCRYPTSETUP +GCRYPT +GNUTLS +ACL +XZ -LZ4 +SECCOMP +BLKID +ELFUTILS +KMOD -IDN)
[   20.455174] systemd[1]: Detected virtualization oracle.
[   20.473941] systemd[1]: Detected architecture x86-64.

Welcome to [1mUbuntu 16.04.7 LTS[0m!

[   20.500125] systemd[1]: Set hostname to <ubuntu>.
[   20.523059] systemd[1]: Initializing machine ID from random generator.
[   20.537688] systemd[1]: Installed transient /etc/machine-id file.
[   20.709791] systemd[1]: Reached target Encrypted Volumes.
[[0;32m  OK  [0m] Reached target Encrypted Volumes.
[   20.767133] systemd[1]: Listening on LVM2 poll daemon socket.
[[0;32m  OK  [0m] Listening on LVM2 poll daemon socket.
[   20.770187] systemd[1]: Reached target System Time Synchronized.
[[0;32m  OK  [0m] Reached target System Time Synchronized.
[   20.773045] systemd[1]: Listening on /dev/initctl Compatibility Named Pipe.
[[0;32m  OK  [0m] Listening on /dev/initctl Compatibility Named Pipe.
[   20.776275] systemd[1]: Reached target User and Group Name Lookups.
[[0;32m  OK  [0m] Reached target User and Group Name Lookups.
[   20.817043] systemd[1]: Listening on Device-mapper event daemon FIFOs.
[[0;32m  OK  [0m] Listening on Device-mapper event daemon FIFOs.
[   20.919100] systemd[1]: Created slice System Slice.
[[0;32m  OK  [0m] Created slice System Slice.
[   20.921611] systemd[1]: Started Forward Password Requests to Wall Directory Watch.
[[0;32m  OK  [0m] Started Forward Password Requests to Wall Directory Watch.
[   20.925299] systemd[1]: Listening on Journal Socket (/dev/log).
[[0;32m  OK  [0m] Listening on Journal Socket (/dev/log).
[   20.928052] systemd[1]: Listening on udev Kernel Socket.
[[0;32m  OK  [0m] Listening on udev Kernel Socket.
[   20.931024] systemd[1]: Set up automount Arbitrary Executable File Formats File System Automount Point.
[[0;32m  OK  [0m] Set up automount Arbitrary Executab...ats File System Automount Point.
[   20.935115] systemd[1]: Started Trigger resolvconf update for networkd DNS.
[[0;32m  OK  [0m] Started Trigger resolvconf update for networkd DNS.
[   20.938244] systemd[1]: Listening on Journal Socket.
[[0;32m  OK  [0m] Listening on Journal Socket.
[   20.950411] systemd[1]: Starting Create list of required static device nodes for the current kernel...
         Starting Create list of required st... nodes for the current kernel...
[   21.067936] systemd[1]: Mounting POSIX Message Queue File System...
         Mounting POSIX Message Queue File System...
[   21.094400] systemd[1]: Listening on LVM2 metadata daemon socket.
[[0;32m  OK  [0m] Listening on LVM2 metadata daemon socket.
[   21.158986] systemd[1]: Starting Monitoring of LVM2 mirrors, snapshots etc. using dmeventd or progress polling...
[   21.159873] random: nonblocking pool is initialized
         Starting Monitoring of LVM2 mirrors... dmeventd or progress polling...
[   21.242625] systemd[1]: Mounting Huge Pages File System...
         Mounting Huge Pages File System...
[   21.287298] systemd[1]: Listening on Syslog Socket.
[[0;32m  OK  [0m] Listening on Syslog Socket.
[   21.404387] systemd[1]: Starting Set console keymap...
         Starting Set console keymap...
[   21.438465] systemd[1]: Listening on Journal Audit Socket.
[[0;32m  OK  [0m] Listening on Journal Audit Socket.
[   21.514811] systemd[1]: Mounting Debug File System...
         Mounting Debug File System...
[   21.567472] systemd[1]: Listening on udev Control Socket.
[[0;32m  OK  [0m] Listening on udev Control Socket.
[   21.682599] systemd[1]: Created slice system-serial\x2dgetty.slice.
[[0;32m  OK  [0m] Created slice system-serial\x2dgetty.slice.
[   21.711085] systemd[1]: Starting Load Kernel Modules...
[   21.744801] Loading iSCSI transporclssv20-870.

         Starting Load Kernel Mo[   21.886339] iscsi: registered transport (tcp)
dules...
[   21.924502] iscsi: registered transport (iser)
[   21.927046] systemd[1]: Starting Uncomplicated firewall...
         Starting Uncomplicated firewall...
[   21.959353] systemd[1]: Starting Remount Root and Kernel File Systems...
[   21.962755] EXT4-fs (sda1): re-mounted. Opts: (null)
         Starting Remount Root and Kernel File Systems...
[   22.070976] systemd[1]: Starting Nameserver information manager...
         Starting Nameserver information manager...
[   22.171108] systemd[1]: Starting Journal Service...
         Starting Journal Service...
[   22.223162] systemd[1]: Reached target Swap.
[[0;32m  OK  [0m] Reached target Swap.
[   22.318579] systemd[1]: Created slice User and Session Slice.
[[0;32m  OK  [0m] Created slice User and Session Slice.
[   22.321820] systemd[1]: Reached target Slices.
[[0;32m  OK  [0m] Reached target Slices.
[   22.337217] systemd[1]: Mounted Huge Pages File System.
[[0;32m  OK  [0m] Mounted Huge Pages File System.
[   22.443382] systemd[1]: Mounted Debug File System.
[[0;32m  OK  [0m] Mounted Debug File System.
[   22.475831] systemd[1]: Mounted POSIX Message Queue File System.
[[0;32m  OK  [0m] Mounted POSIX Message Queue File System.
[   22.503460] systemd[1]: Started Journal Service.
[[0;32m  OK  [0m] Started Journal Service.
[[0;32m  OK  [0m] Started Create list of required sta...ce nodes for the current kernel.
[[0;32m  OK  [0m] Started Set console keymap.
[[0;32m  OK  [0m] Started Load Kernel Modules.
[[0;32m  OK  [0m] Started Uncomplicated firewall.
[[0;32m  OK  [0m] Started Remount Root and Kernel File Systems.
[[0;32m  OK  [0m] Started LVM2 metadata daemon.
         Starting udev Coldplug all Devices...
         Starting Load/Save Random Seed...
         Starting Apply Kernel Variables...
         Mounting FUSE Control File System...
         Starting Create Static Device Nodes in /dev...
         Starting Flush Journal to Persistent Storage...
[[0;32m  OK  [0m] Mounted FUSE Control File System.
[[0;32m  OK  [0m] Started Nameserver information manager.
[[0;32m  OK  [0m] Started Load/Save Random Seed.
[[0;32m  OK  [0m] Started Monitoring of LVM2 mirrors,...ng dmeventd or progress polling.
[[0;32m  OK  [0m] Started Apply Kernel Variables.
[[0;32m  OK  [0m] Started Create Static Device Nodes in /dev.
[[0;32m  OK  [0m] Started udev Coldplug all Devices.
         Starting udev Kernel Device Manager...
[[0;32m  OK  [0m] Reached target Local File Systems (Pre).
[[0;32m  OK  [0m] Reached target Local File Systems.
         Starting LSB: AppArmor initialization...
         Starting Initial cloud-init job (pre-networking)...
         Starting Tell Plymouth To Write Out Runtime Data...
         Starting Commit a transient machine-id on disk...
         Starting Set console font and keymap...
[[0;32m  OK  [0m] Started Tell Plymouth To Write Out Runtime Data.
[[0;32m  OK  [0m] Started Flush Journal to Persistent Storage.
         Starting Create Volatile Files and Directories...
[[0;32m  OK  [0m] Started udev Kernel Device Manager.
[[0;32m  OK  [0m] Started Commit a transient machine-id on disk.
[[0;32m  OK  [0m] Started Create Volatile Files and Directories.
[[0;32m  OK  [0m] Found device /dev/ttyS0.
[[0;32m  OK  [0m] Listening on Load/Save RF Kill Switch Status /dev/rfkill Watch.
         Starting Update UTMP about System Boot/Shutdown...
[[0;32m  OK  [0m] Started Dispatch Password Requests to Console Directory Watch.
[   19.487289] cloud-init[468]: Cloud-init v. 20.4.1-0ubuntu1~16.04.1 running 'init-local' at Thu, 04 Mar 2021 14:46:33 +0000. Up 18.90 seconds.
[[0;32m  OK  [0m] Started Initial cloud-init job (pre-networking).
[[0;32m  OK  [0m] Started Set console font and keymap.
[[0;32m  OK  [0m] Started Update UTMP about System Boot/Shutdown.
[[0;32m  OK  [0m] Created slice system-getty.slice.
[[0;32m  OK  [0m] Reached target Network (Pre).
[[0;32m  OK  [0m] Started LSB: AppArmor initialization.
         Starting Load AppArmor profiles managed internally by snapd...
         Starting Raise network interfaces...
[[0;32m  OK  [0m] Started Load AppArmor profiles managed internally by snapd.
[[0;32m  OK  [0m] Started Raise network interfaces.
[[0;32m  OK  [0m] Reached target Network.
         Starting Initial cloud-init job (metadata service crawler)...
[   21.870846] cloud-init[931]: Cloud-init v. 20.4.1-0ubuntu1~16.04.1 running 'init' at Thu, 04 Mar 2021 14:46:35 +0000. Up 21.24 seconds.
[   21.873637] cloud-init[931]: ci-info: ++++++++++++++++++++++++++++++++++++++Net device info++++++++++++++++++++++++++++++++++++++
[   21.909694] cloud-init[931]: ci-info: +--------+------+----------------------------+---------------+--------+-------------------+
[   21.929049] cloud-init[931]: ci-info: | Device |  Up  |          Address           |      Mask     | Scope  |     Hw-Address    |
[   21.931549] cloud-init[931]: ci-info: +--------+------+----------------------------+---------------+--------+-------------------+
[[0;32m  OK  [0m] Started Initial cloud-init job (metadata service crawler).
[[0;32m  OK  [0m] Reached target System Initialization.
[[0;32m  OK  [0m] Listening on D-Bus System Message Bus Socket.
[[0;32m  OK  [0m] Started Daily apt download activities.
[   21.958770] cloud-init[931]: ci-info: | enp0s3 | True |         10.0.2.15          | 255.255.255.0 | global | 02:49:cb:75:7f:af |
[   22.068299] cloud-init[931]: ci-info: | enp0s3 | True | fe80::49:cbff:fe75:7faf/64 |       .       |  link  | 02:49:cb:75:7f:af |
[[0;32m  OK  [0m] Started Message of the Day.
         Starting Socket activation for snappy daemon.
[[0;32m  OK  [0m] Listening on ACPID Listen Socket.
[   22.080051] cloud-init[931]: ci-info: |   lo   | True |         127.0.0.1          |   255.0.0.0   |  host  |         .         |
[   22.086718]          Starting LXD - unix socket.
[[0;32m  OK  [0m] Started Daily Cleanup of Temporary Directories.
cloud-init[931]: ci-info: |   lo   | True |          ::1/128           |       .       |  host  |         .         |
[   22.114358] [[0;32m  OK  [0m] Started ACPI Events Check.
[[0;32m  OK  [0m] Reached target Paths.
[[0;32m  OK  [0m] Started Daily apt upgrade and clean activities.
[[0;32m  OK  [0m] Reached target Timers.
[[0;32m  OK  [0m] Listening on UUID daemon activation socket.
[[0;32m  OK  [0m] Reached target Cloud-config availability.
[[0;32m  OK  [0m] Reached target Network is Online.
cloud-init[931]: ci-info: +--------+------+----------------------------+---------------+--------+-------------------+
[   22.138913] cloud-init         Starting iSCSI initiator daemon (iscsid)...
[931]: ci-info: +++++++++++++++++++++++++++Route IPv4 info++++++++++++++++++++++++++++
[   22.162875] [[0;32m  OK  [0m] Listening on Socket activation for snappy daemon.
[[0;32m  OK  [0m] Listening on LXD - unix socket.
cloud-init[931]: ci-info: +-------+-------------+----------+---------------+-----------+-------+
[   22.172859] cloud-init[931]: ci-info: | Route | Destination | Gateway  |    Genmask    | Interface | Flags |
[   22.200960] [cloud-init[0;32m  OK  [0m[931]: ] ci-info: +-------+-------------+----------+---------------+-----------+-------+Reached target Sockets.

[   22.221483] [[0;32m  OK  [0m] Reached target Basic System.
cloud-init[931]: ci-info: |   0   |   0.0.0.0   | 10.0.2.2 |    0.0.0.0    |   enp0s3  |   UG  |
[   22.230952] cloud-init[931]: ci-info: |   1   |   10.0.2.0  | 0.0.0.0  | 255.255.255.0 |   enp0s3  |   U   |
[   22.233547] cloud-init[931]: ci-info: +-------+-------------+----------+---------------+-----------+-------+
[   22.236186] [[0;32m  OK  [0m] Started Regular background program processing daemon.
[[0;32m  OK  [0m] Started Deferred execution scheduler.
cloud-init[931]: ci-info: +++++++++++++++++++Route IPv6 info+++++++++++++++++++
[[0;32m  OK  [0m] Started ACPI event daemon.
[   22.246876] cloud-init[931]: ci-info: +-------+-------------+---------+-----------+-------+
         Starting Login Service...
[   22.270083] cloud-init[931]: ci-info: | Route | Destination | Gateway | Interface | Flags |
[   22.284935] [[0;32m  OK  [0m] Started FUSE filesystem for LXC.
[[0;32m  OK  [0m] Started D-Bus System Message Bus.
cloud-init[931]: ci-info: +-------+-------------+---------+-----------+-------+
[   22.290067] cloud-init[931]: ci-info: |   0   |  fe80::/64  |    ::   |   enp0s3  |   U   |
[   22.307366] cloud-init[931]: ci-info: |   3   |   ff00::/8  |    ::   |   enp0s3  |   U   |
[   22.310602] cloud-init[931]: ci-info: +-------+-------------+---------+-----------+-------+
[   22.315679] cloud-init[931]: Generating public/private rsa key pair.
[   22.337004] cloud-init[931]: Your identification has been saved in /etc/ssh/ssh_host_rsa_key.
[   22.343945]          Starting Accounts Service...
cloud-init[931]: Your public key has been saved in /etc/ssh/ssh_host_rsa_key.pub.
[   22.356489]          Starting Snap Daemon...
cloud-init         Starting System Logging Service...
[931]:          Starting Virtualbox guest utils...
The key fingerprint is:
         Starting /etc/rc.local Compatibility...
[   22.379887] cloud-init[931]: SHA256:TeLlmwyLMRr1C3WoESNFq1KkwDE11+oHoKjYPGazQcs root@ubuntu-xenial
[   22.425900]          Starting LSB: MD monitoring daemon...
cloud-init[931]: The key's randomart image is:
         Starting LSB: Record successful boot for GRUB...
[   22.429931] cloud-init         Starting Pollinate to seed the pseudo random number generator...
         Starting LXD - container startup/shutdown...
[[0;32m  OK  [0m] Started System Logging Service.
[[0;32m  OK  [0m] Started iSCSI initiator daemon (iscsid).
[[0;32m  OK  [0m] Started /etc/rc.local Compatibility.
[931]: +---[RSA 2048]----+
[   22.487110] [[0;32m  OK  [0m] Started Login Service.
[[0;32m  OK  [0m] Started LSB: MD monitoring daemon.
[[0;32m  OK  [0m] Started LSB: Record successful boot for GRUB.
cloud-init[931]: |ooooo+*          |
[[0;32m  OK  [0m] Started Unattended Upgrades Shutdown.
         Starting Authenticate and Authorize Users to Run Privileged Tasks...
         Starting Login to default iSCSI targets...
[   22.495565] cloud-init[931]: | o.+o. = .       |
[   22.515863] cloud-init[931]: |. o o = + +      |
[   22.517314] cloud-init[931]: |.... = * B       |
[   22.518764] cloud-init[931]: |o=..+ * S o      |
[   22.523248] cloud-init[931]: |o E. + * = o     |
[[0;32m  OK  [0m] Started Login to default iSCSI targets.
[[0;32m  OK  [0m] Started Authenticate and Authorize Users to Run Privileged Tasks.
[[0;32m  OK  [0m] Started Accounts Service.
[[0;32m  OK  [0m] Reached target Remote File Systems (Pre).
[[0;32m  OK  [0m] Reached target Remote File Systems.
[   22.577228] cloud-init[931]: | o =. o o +      |
[   22.609969] cloud-init[931]: |  .              |
         Starting LSB: Set the CPU Frequency Scaling governor to "ondemand"...
         Starting LSB: daemon to balance interrupts for SMP systems...
         Starting LSB: automatic crash report generation...
         Starting Permit User Sessions...
[   22.622424] cloud-init[931]: |                 |
[   22.643361] [[0;32m  OK  [0m] Started Permit User Sessions.
cloud-init[931]: +----[SHA256]-----+
         Starting Hold until boot process finishes up...
[   22.650406] cloud-init[931]: Generating public/private dsa key pair.
         Starting Terminate Plymouth Boot Screen...
[[0;32m  OK  [0m] Started Virtualbox guest utils.
[[0;32m  OK  [0m] Started Hold until boot process finishes up.
[[0;32m  OK  [0m] Started Serial Getty on ttyS0.
         Starting Set console scheme...
[[0;32m  OK  [0m] Started Getty on tty1.
[[0;32m  OK  [0m] Reached target Login Prompts.
[   22.654359] cloud-init[931]: Your identification has been saved in /etc/ssh/ssh_host_dsa_key.
[   22.719245] [cloud-init[0;32m  OK  [0m[931]: ] Your public key has been saved in /etc/ssh/ssh_host_dsa_key.pub.Started Set console scheme.

[   22.719700] [[0;32m  OK  [0m] Started LXD - container startup/shutdown.
[[0;32m  OK  [0m] Started Terminate Plymouth Boot Screen.
cloud-init[931]: The key fingerprint is:
[   22.727823] cloud-init[931]: SHA256:BkTmjsiDo8VGViZ1k5h7opCR6LcOye7xjBVBLMvkgwk root@ubuntu-xenial
[[0;32m  OK  [0m] Started LSB: Set the CPU Frequency Scaling governor to "ondemand".
[   22.744114] cloud-init[931]: The key's randomart image is:
[   22.746366] cloud-init[931]: +---[DSA 1024]----+
[   22.748961] [[0;32m  OK  [0m] Started LSB: automatic crash report generation.
cloud-init[931]: |..oo++*.         |
[[0;32m  OK  [0m] Started LSB: daemon to balance interrupts for SMP systems.
[   22.759848] cloud-init[931]: |Eo.=o=..         |
[   22.801135] cloud-init[931]: |B+=. .o          |
[   22.807473] cloud-init[931]: |=% o+o..         |
[   22.821062] cloud-init[931]: |+.@ooo. S        |
[   22.822870] cloud-init[931]: |.B.o.  .         |
[   22.824757] cloud-init[931]: |o.o.             |
[   22.828566] cloud-init[931]: | .*.             |
[   22.830448] cloud-init[931]: |.o o             |
[   22.854705] [[0;32m  OK  [0m] Started Snap Daemon.
cloud-init[931]: +----[SHA256]-----+
[   22.857808] cloud-init[931]: Generating public/private ecdsa key pair.
[   22.860265] cloud-init[931]: Your identification has been saved in /etc/ssh/ssh_host_ecdsa_key.
         Starting Wait until snapd is fully seeded...
[   22.863539] cloud-init[931]: Your public key has been saved in /etc/ssh/ssh_host_ecdsa_key.pub.
[   22.876750] cloud-init[931]: The key fingerprint is:
[   22.882361] cloud-init[931]: SHA256:0jgnH4nvFL9HFv4l7hgimnu1VfgO/nUKhH2LA1gdNg8 root@ubuntu-xenial
[   22.889962] cloud-init[931]: The key's randomart image is:
[   22.908432] cloud-init[931]: +---[ECDSA 256]---+
[   22.909844] cloud-init[931]: |            E    |
[   22.936076] cloud-init[931]: |           o =   |
[   22.937482] cloud-init[931]: |          . ...  |
[   22.938755] cloud-init[931]: |       + + oo .  |
[   22.952410] cloud-init[931]: |      * S o.o+.  |
[   22.953812] cloud-init[931]: |       B +.o*oo..|
[   22.956366] cloud-init[931]: |        =.o*==.oo|
[   22.957785] cloud-init[931]: |       =...oo=+o.|
[   22.959419] cloud-init[931]: |      +o. ...o+  |
[   22.960792] cloud-init[931]: +----[SHA256]-----+
[   22.962070] cloud-init[931]: Generating public/private ed25519 key pair.
[   22.965956] cloud-init[931]: Your identification has been saved in /etc/ssh/ssh_host_ed25519_key.
[   22.967820] cloud-init[931]: Your public key has been saved in /etc/ssh/ssh_host_ed25519_key.pub.
[   22.976321] cloud-init[931]: The key fingerprint is:
[   22.981933] cloud-init[931]: SHA256:T+Gih6JjHEZODbKyU57nvThPmlwg3e8fWPoYNpcPXkg root@ubuntu-xenial
[   22.986077] cloud-init[931]: The key's randomart image is:
[   22.987526] cloud-init[931]: +--[ED25519 256]--+
[   22.988799] cloud-init[931]: |                 |
[   22.990145] cloud-init[931]: |. .              |
[   23.004361] cloud-init[931]: | o o      .      |
[   23.024309] cloud-init[931]: |o +...   . .     |
[   23.036925] cloud-init[931]: |.B..o . S E      |
[   23.038203] cloud-init[931]: |o *... + O o     |
[   23.039411] cloud-init[931]: | + +..= O B .    |
[   23.040655] cloud-init[931]: |  +ooB.+ B =     |
[   23.056856] cloud-init[931]: | ...=oo.o.+ .    |
[   23.080035] cloud-init[931]: +----[SHA256]-----+
[[0;32m  OK  [0m] Started Wait until snapd is fully seeded.
         Starting Apply the settings specified in cloud-config...
[   24.629524] cloud-init[1257]: Generating locales (this might take a while)...
[   25.881366] cloud-init[1257]:   en_US.UTF-8... done
[   25.883498] cloud-init[1257]: Generation complete.
[   26.263229] cloud-init[1257]: Cloud-init v. 20.4.1-0ubuntu1~16.04.1 running 'modules:config' at Thu, 04 Mar 2021 14:46:39 +0000. Up 24.45 seconds.
[[0;32m  OK  [0m] Started Apply the settings specified in cloud-config.
[[0;32m  OK  [0m] Started Pollinate to seed the pseudo random number generator.
         Starting OpenBSD Secure Shell server...
[[0;32m  OK  [0m] Started OpenBSD Secure Shell server.
[[0;32m  OK  [0m] Reached target Multi-User System.
         Starting Execute cloud user/final scripts...
[[0;32m  OK  [0m] Reached target Graphical Interface.
         Starting Update UTMP about System Runlevel Changes...
[[0;32m  OK  [0m] Started Update UTMP about System Runlevel Changes.
[[0;32m  OK  [0m] Created slice User Slice of vagrant.
         Starting User Manager for UID 1000...
[[0;32m  OK  [0m] Started Session 1 of user vagrant.
[[0;32m  OK  [0m] Started User Manager for UID 1000.
ci-info: no authorized SSH keys fingerprints found for user ubuntu.
<14>Mar  4 14:46:41 ec2: 
<14>Mar  4 14:46:41 ec2: #############################################################
<14>Mar  4 14:46:41 ec2: -----BEGIN SSH HOST KEY FINGERPRINTS-----
<14>Mar  4 14:46:41 ec2: 1024 SHA256:BkTmjsiDo8VGViZ1k5h7opCR6LcOye7xjBVBLMvkgwk root@ubuntu-xenial (DSA)
<14>Mar  4 14:46:41 ec2: 256 SHA256:0jgnH4nvFL9HFv4l7hgimnu1VfgO/nUKhH2LA1gdNg8 root@ubuntu-xenial (ECDSA)
<14>Mar  4 14:46:41 ec2: 256 SHA256:T+Gih6JjHEZODbKyU57nvThPmlwg3e8fWPoYNpcPXkg root@ubuntu-xenial (ED25519)
<14>Mar  4 14:46:41 ec2: 2048 SHA256:TeLlmwyLMRr1C3WoESNFq1KkwDE11+oHoKjYPGazQcs root@ubuntu-xenial (RSA)
<14>Mar  4 14:46:41 ec2: -----END SSH HOST KEY FINGERPRINTS-----
<14>Mar  4 14:46:41 ec2: #############################################################
-----BEGIN SSH HOST KEY KEYS-----
ecdsa-sha2-nistp256 AAAAE2VjZHNhLXNoYTItbmlzdHAyNTYAAAAIbmlzdHAyNTYAAABBBFKbsYqNBIqQtvQ99kRU5mfV3vZ3fIZBi9jCnPhx+IXBjo+Fy63+tyP7t1CWE300PT2GLVnvIWbe91neN+okJIE= root@ubuntu-xenial
ssh-ed25519 AAAAC3NzaC1lZDI1NTE5AAAAIJsGPbRiupu0IRg7rH/yj1VRAXYyiC19sOjE+8J/35wg root@ubuntu-xenial
ssh-rsa AAAAB3NzaC1yc2EAAAADAQABAAABAQDrmlkmozmYmw+utEuqa4fFpb2zwJbqkM29UjUEKi6uUcQt8Yw8D2QpVnF91Jshdwxu0uSGiqCdJWlQL3q5QOop8s/5qd/aK3xDSV9HNuguLOCv9LgouD2Zw3pvRy88yf4e4bDdHqmVG0mbPR6VlQ7FJ/i8IJpKqhppVM3iWfDk7HKAHJnqn/FMHu7cNokpGUJgnXep2zZ9xEGp4xuYFP5dzoa4xsoMr/JiJFoL7kelM8rPKQ0OUQjc2cqvuRK5LULaOp6dBwOFjlAamB7SNT6+6i0UENLil8hiGIQ9HyDebaJ/qdEvr5GWT9C1pnSnK+CsoEAKwDt8AXLWRu63Tw/r root@ubuntu-xenial
-----END SSH HOST KEY KEYS-----
[   27.646676] cloud-init[1318]: Cloud-init v. 20.4.1-0ubuntu1~16.04.1 running 'modules:final' at Thu, 04 Mar 2021 14:46:41 +0000. Up 27.13 seconds.
[   27.654762] cloud-init[1318]: ci-info: no authorized SSH keys fingerprints found for user ubuntu.
[   27.689997] cloud-init[1318]: Cloud-init v. 20.4.1-0ubuntu1~16.04.1 finished a
Ubuntu 16.04.7 LTS ubuntu-xenial ttyS0

ubuntu-xenial login: 